// Jest Snapshot v1, https://goo.gl/fbAQLP

exports[`About component GIVEN a set of valid props WHEN the component is rendered THEN should display a regular About 1`] = `
"<ScrollView style={{...}}>
  <Text style={{...}}>
    Schroders
  </Text>
  <View style={{...}}>
    <Text style={{...}}>
      Technologies
    </Text>
    <View style={{...}}>
      <Text style={{...}}>
        - React Native
      </Text>
      <Text style={{...}}>
        - TypeScript
      </Text>
      <Text style={{...}}>
        - Redux - Saga
      </Text>
      <Text style={{...}}>
        - esLint
      </Text>
      <Text style={{...}}>
        - Test (Jest)
      </Text>
    </View>
  </View>
  <View style={{...}}>
    <Text style={{...}}>
      Tools
    </Text>
    <View style={{...}}>
      <Text style={{...}}>
        - Reactotron
      </Text>
      <Text style={{...}}>
        - Xcode
      </Text>
      <Text style={{...}}>
        - Prettier
      </Text>
    </View>
  </View>
  <Text style={{...}}>
    This project has a coverage of 76%
  </Text>
  <Image source={{...}} style={{...}} />
  <Text style={{...}}>
    In other projects I have implemented continuous integration processes with implementation within appcenter to download the ios and android builds
  </Text>
  <Image source={{...}} style={{...}} />
  <Image source={{...}} style={{...}} />
</ScrollView>"
`;
