// Jest Snapshot v1, https://goo.gl/fbAQLP

exports[`Commit component GIVEN a set of valid props WHEN the component is rendered THEN should display a regular Commit 1`] = `
<View
  style={
    {
      "alignContent": "center",
      "borderBottomColor": "#f1b30a",
      "borderBottomWidth": 1,
      "flex": 1,
      "justifyContent": "space-between",
      "padding": 0,
      "paddingHorizontal": 0,
    }
  }
>
  <Text
    style={
      {
        "flexDirection": "column",
        "paddingTop": 8,
      }
    }
  >
    Author: 
  </Text>
  <Text
    style={
      {
        "flexDirection": "column",
        "paddingTop": 8,
      }
    }
  >
    Date: 
    2023-09-25
  </Text>
  <View
    accessibilityState={
      {
        "busy": undefined,
        "checked": undefined,
        "disabled": undefined,
        "expanded": undefined,
        "selected": undefined,
      }
    }
    accessibilityValue={
      {
        "max": undefined,
        "min": undefined,
        "now": undefined,
        "text": undefined,
      }
    }
    accessible={true}
    collapsable={false}
    focusable={true}
    onClick={[Function]}
    onResponderGrant={[Function]}
    onResponderMove={[Function]}
    onResponderRelease={[Function]}
    onResponderTerminate={[Function]}
    onResponderTerminationRequest={[Function]}
    onStartShouldSetResponder={[Function]}
    style={
      {
        "backgroundColor": "#f1b30a",
        "borderRadius": 8,
        "margin": 12,
        "marginHorizontal": 0,
        "opacity": 1,
        "padding": 6,
        "width": 100,
      }
    }
    testID="showCommit"
  >
    <Text
      style={
        {
          "color": "white",
        }
      }
    >
      Go To Details
    </Text>
  </View>
</View>
`;
