// Jest Snapshot v1, https://goo.gl/fbAQLP

exports[`HeaderOptions component GIVEN a set of valid props WHEN the component is rendered THEN should display a regular HeaderOptions 1`] = `
"<TouchableOpacity onPress={[Function: mockConstructor] { _isMockFunction: true, getMockImplementation: [Function (anonymous)], mock: Object [Object: null prototype] { calls: [], contexts: [], instances: [], invocationCallOrder: [], results: [] }, mockClear: [Function (anonymous)], mockReset: [Function (anonymous)], mockRestore: [Function (anonymous)], mockReturnValueOnce: [Function (anonymous)], mockResolvedValueOnce: [Function (anonymous)], mockRejectedValueOnce: [Function (anonymous)], mockReturnValue: [Function (anonymous)], mockResolvedValue: [Function (anonymous)], mockRejectedValue: [Function (anonymous)], mockImplementationOnce: [Function (anonymous)], withImplementation: [Function: bound withImplementation], mockImplementation: [Function (anonymous)], mockReturnThis: [Function (anonymous)], mockName: [Function (anonymous)], getMockName: [Function (anonymous)] }} style={{...}}>
  <Component type="MaterialIcons" name="menu" style={{...}} />
</TouchableOpacity>"
`;

exports[`HeaderOptions component GIVEN a set of valid props WHEN the component is rendered with badge THEN should display a regular HeaderOptions 1`] = `
"<TouchableOpacity onPress={[Function: mockConstructor] { _isMockFunction: true, getMockImplementation: [Function (anonymous)], mock: Object [Object: null prototype] { calls: [], contexts: [], instances: [], invocationCallOrder: [], results: [] }, mockClear: [Function (anonymous)], mockReset: [Function (anonymous)], mockRestore: [Function (anonymous)], mockReturnValueOnce: [Function (anonymous)], mockResolvedValueOnce: [Function (anonymous)], mockRejectedValueOnce: [Function (anonymous)], mockReturnValue: [Function (anonymous)], mockResolvedValue: [Function (anonymous)], mockRejectedValue: [Function (anonymous)], mockImplementationOnce: [Function (anonymous)], withImplementation: [Function: bound withImplementation], mockImplementation: [Function (anonymous)], mockReturnThis: [Function (anonymous)], mockName: [Function (anonymous)], getMockName: [Function (anonymous)] }} style={{...}}>
  <Component type="MaterialIcons" name="menu" style={{...}} />
</TouchableOpacity>"
`;
