// Jest Snapshot v1, https://goo.gl/fbAQLP

exports[`HeaderOptions component GIVEN a set of valid props WHEN the component is rendered THEN should display a regular HeaderOptions 1`] = `
<RNCSafeAreaProvider
  onInsetsChange={[Function]}
  style={
    {
      "flex": 1,
    }
  }
/>
`;

exports[`HeaderOptions component GIVEN a set of valid props WHEN the component is rendered with badge THEN should display a regular HeaderOptions 1`] = `
<RNCSafeAreaProvider
  onInsetsChange={[Function]}
  style={
    {
      "flex": 1,
    }
  }
/>
`;
