// Jest Snapshot v1, https://goo.gl/fbAQLP

exports[`Navigation component WHEN the component is rendered THEN should display a regular Navigation 1`] = `
<RCTSafeAreaView
  style={
    {
      "flex": 1,
    }
  }
>
  <View
    component={[Function]}
    name="Home"
    options={[Function]}
    testID="Home"
  />
  <View
    component={[Function]}
    name="Commit List"
    options={[Function]}
    testID="Commit List"
  />
  <View
    component={[Function]}
    name="Details"
    testID="Details"
  />
  <View
    component={[Function]}
    name="Menu"
    options={[Function]}
    testID="Menu"
  />
  <View
    component={[Function]}
    name="About"
    options={[Function]}
    testID="About"
  />
</RCTSafeAreaView>
`;
